                         collective  algo   proto  nchannels platform
nodes ranks message_size                                             
32    32    32            AllGather   Pat  Simple        0.0     P5en
32    32    32            AllGather   Pat  Simple        1.0       P6
32    32    32            AllGather   Pat  Simple        0.0  P6_B300
32    32    2097153       AllGather   Pat  Simple        2.0       P6
32    32    4194305       AllGather   Pat  Simple        0.0       P6
32    32    8388609       AllGather  Ring   Ll128        0.0       P6
32    32    16777217      AllGather  Ring   Ll128        0.0     P5en
32    32    71722599      AllGather  Ring  Simple        0.0       P6
32    32    75497473      AllGather  Ring   Ll128        0.0  P6_B300
32    32    86282826      AllGather  Ring  Simple        0.0     P5en
32    32    130084925     AllGather  Ring  Simple        0.0       P5
32    32    150994945     AllGather  Ring  Simple        0.0  P6_B300
                             collective  algo   proto  nchannels platform
nodes ranks message_size                                                 
32    32    32            ReduceScatter   Pat  Simple        0.0     P5en
32    32    32            ReduceScatter   Pat  Simple        1.0       P6
32    32    32            ReduceScatter   Pat  Simple        0.0  P6_B300
32    32    2097153       ReduceScatter   Pat  Simple        2.0       P6
32    32    4194305       ReduceScatter   Pat  Simple        0.0       P6
32    32    16777217      ReduceScatter  Ring   Ll128        0.0     P5en
32    32    43086942      ReduceScatter  Ring   Ll128        0.0       P6
32    32    70883738      ReduceScatter  Ring  Simple        0.0       P6
32    32    86282826      ReduceScatter  Ring  Simple        0.0     P5en
32    32    92274689      ReduceScatter  Ring   Ll128        0.0  P6_B300
32    32    134217728     ReduceScatter  Ring  Simple        0.0       P5
32    32    150994945     ReduceScatter  Ring  Simple        0.0  P6_B300
                         collective  algo   proto  nchannels platform
nodes ranks message_size                                             
32    32    32            AllReduce  Tree      Ll        0.0     P5en
32    32    32            AllReduce  Tree      Ll        0.0       P6
32    32    32            AllReduce  Tree      Ll        0.0  P6_B300
32    32    32769         AllReduce  Tree   Ll128        0.0       P6
32    32    65537         AllReduce  Tree   Ll128        0.0     P5en
32    32    65537         AllReduce  Tree   Ll128        0.0  P6_B300
32    32    667276        AllReduce  Tree  Simple        0.0     P5en
32    32    1441793       AllReduce  Tree  Simple        0.0  P6_B300
32    32    2097153       AllReduce  Ring   Ll128        0.0       P6
32    32    4911446       AllReduce  Tree   Ll128        0.0       P5
32    32    8388609       AllReduce  Ring   Ll128        0.0     P5en
32    32    27351104      AllReduce  Ring   Ll128        0.0       P5
32    32    67771246      AllReduce  Ring  Simple        0.0       P5
32    32    73300456      AllReduce  Ring  Simple        0.0       P6
32    32    75497473      AllReduce  Ring   Ll128        0.0  P6_B300
32    32    86282826      AllReduce  Ring  Simple        0.0     P5en
32    32    150994945     AllReduce  Ring  Simple        0.0  P6_B300
