                         collective  algo   proto  nchannels platform
nodes ranks message_size                                             
128   1024  32            AllGather  Ring      Ll        0.0     P5en
128   1024  32            AllGather  Ring      Ll        0.0       P5
128   1024  32            AllGather  Ring      Ll        0.0       P6
128   1024  33554424      AllGather  Ring   Ll128        0.0     P5en
128   1024  33554424      AllGather  Ring   Ll128        0.0       P5
128   1024  33554424      AllGather  Ring   Ll128        0.0       P6
128   1024  19662892801   AllGather  Ring  Simple        0.0     P5en
128   1024  19662892801   AllGather  Ring  Simple        0.0       P5
128   1024  19662892801   AllGather  Ring  Simple        0.0       P6
                             collective  algo   proto  nchannels platform
nodes ranks message_size                                                 
128   1024  32            ReduceScatter  Ring      Ll        0.0     P5en
128   1024  32            ReduceScatter  Ring      Ll        0.0       P5
128   1024  32            ReduceScatter  Ring      Ll        0.0       P6
128   1024  41943041      ReduceScatter  Ring   Ll128        0.0     P5en
128   1024  41943041      ReduceScatter  Ring   Ll128        0.0       P5
128   1024  41943041      ReduceScatter  Ring   Ll128        0.0       P6
128   1024  27111981057   ReduceScatter  Ring  Simple        0.0     P5en
128   1024  27111981057   ReduceScatter  Ring  Simple        0.0       P5
128   1024  27111981057   ReduceScatter  Ring  Simple        0.0       P6
                         collective       algo   proto  nchannels platform
nodes ranks message_size                                                  
128   1024  32            AllReduce       Tree      Ll        0.0     P5en
128   1024  32            AllReduce       Tree      Ll        0.0       P5
128   1024  32            AllReduce       Tree      Ll        0.0       P6
128   1024  196608        AllReduce       Tree      Ll        0.0     P5en
128   1024  196608        AllReduce       Tree      Ll        0.0       P5
128   1024  196608        AllReduce       Tree      Ll        0.0       P6
128   1024  196609        AllReduce       Tree   Ll128        0.0     P5en
128   1024  196609        AllReduce       Tree   Ll128        0.0       P5
128   1024  196609        AllReduce       Tree   Ll128        0.0       P6
128   1024  218103809     AllReduce  Nvls_Tree  Simple        0.0     P5en
128   1024  218103809     AllReduce  Nvls_Tree  Simple        0.0       P5
128   1024  218103809     AllReduce  Nvls_Tree  Simple        0.0       P6
